// Jest Snapshot v1, https://goo.gl/fbAQLP

exports[`Forecast Summary renders correctly 1`] = `[Function]`;
